[MongoError: E11000 duplicate key error collection: HireWheels.vehicles index: vehicle_number_1 dup key: { vehicle_number: "KA05-J-4063" } 2020-12-29 12:44:10][MongoError: E11000 duplicate key error collection: HireWheels.vehicles index: vehicle_number_1 dup key: { vehicle_number: "KA05-J-4063" } 2020-12-29 12:46:17][[object Object] 2020-12-29 12:50:47][ValidationError: fare: Path `fare` is required., isActive: Path `isActive` is required., vehicle: Path `vehicle` is required., destination_city: Path `destination_city` is required., source_city: Path `source_city` is required., user_email: Path `user_email` is required. 2020-12-29 13:19:32][ValidationError: isActive: Cast to Boolean failed for value "Yes" at path "isActive" 2020-12-29 13:21:23][[object Object] 2020-12-29 13:23:52][[object Object] 2020-12-29 13:24:11][[object Object] 2020-12-29 13:28:25][{"user_email":"rahulmattihalli@gmail.com","source_city":"Bangalore","destination_city":"Mangalore","vehicle":"KA06-J-4063","isActive":true,"fare":"500"} 2020-12-29 13:28:38][{"user_email":"rahulmattihalli@gmail.com","source_city":"Bangalore","destination_city":"Mangalore","vehicle":"KA05-J-4063","isActive":true,"fare":"500"} 2020-12-29 13:28:48][Error: data and salt arguments required 2020-12-30 05:45:16][Error: data and salt arguments required 2020-12-30 05:46:10][Error: data and salt arguments required 2020-12-30 05:47:15][Error: data and salt arguments required 2020-12-30 05:48:28][Error: data and salt arguments required 2020-12-30 05:49:28][Error: data and salt arguments required 2020-12-30 05:50:26][Error: data and salt arguments required 2020-12-30 05:50:50][Error: data and salt arguments required 2020-12-30 05:52:13][Error: data and salt arguments required 2020-12-30 05:53:36][Error: data and salt arguments required 2020-12-30 05:55:53][Error: data and salt arguments required 2020-12-30 05:57:03][CastError: Cast to string failed for value "{ email: 'gandhi@gmail.com', password: 'GandhiChach', iat: 1609079146 }" at path "email" for model "AdminModule" 2020-12-30 06:27:25][{} 2020-12-30 06:28:23][{"email":"Rahulmr@gmail.com","password":"Rahulmr"} 2020-12-30 06:30:47][{"email":"Rahulmr@gmail.com","password":"Rahulmr"} 2020-12-30 06:31:39][{"email":"Rahulmr@gmail.com","password":"Rahulmr"} 2020-12-30 06:32:04][{"email":"Rahulmr@gmail.com","password":"Rahulmr"} 2020-12-30 06:32:34][{"email":"Rahulmr@gmail.com","password":"Rahulmr"} 2020-12-30 06:32:48][{"email":"Rahulmr@gmail.com","password":"Rahulmr"} 2020-12-30 06:33:11][{"email":"Rahulmr@gmail.com","password":"Rahulmr"} 2020-12-30 06:33:35]